  AComponent.cpp
  AScene.cpp
  ACollider.cpp
  AliveComponent.cpp
  BoxCollider.cpp
  ButtonComponent.cpp
  Engine.cpp
  Entity.cpp
  ICollisionEvent.cpp
  MovableComponent.cpp
  PhysicSystem.cpp
  Render.cpp
  ResourceManager.cpp
  RigidBody.cpp
  SceneManager.cpp
C:\Users\hugof\Documents\LevelWeb Studio\Projects\2D-Game-Engine\Engine\SceneManager.cpp(3,10): warning C4067: jetons inattendus après la directive du préprocesseur - saut de ligne attendu
  ScoreUpdate.cpp
  TextRenderer.cpp
  TimerUpdate.cpp
  TransformComponent.cpp
  Génération de code en cours...
  Engine.vcxproj -> C:\Users\hugof\Documents\LevelWeb Studio\Projects\2D-Game-Engine\x64\Debug\Engine.lib
